RAM Allocation [bytes]
Variable                                                                          Address   Size
------------------------------------------------------------------------------------------------
direction                                                                         0x0160       2
motorState                                                                        0x0162       2
states                                                                            0x0164      32

EEPROM Allocation [bytes]
Variable                                                                          Address   Size
------------------------------------------------------------------------------------------------

Register Allocation
Variable                                                                          Register  Size
------------------------------------------------------------------------------------------------
counter                                                                           R4,R5        2
delay                                                                             R6,R7        2
maxDelay                                                                          R8,R9        2
minDelay                                                                          R10,R11      2
timerStarted                                                                      R12,R13      2

FLASH Allocation [words]
Function                                                                          Address   Size
------------------------------------------------------------------------------------------------
timer0_ovf_isr                                                                    0x0006B    110
main                                                                              0x000D9     67
