RAM Allocation [bytes]
Variable                                                                          Address   Size
------------------------------------------------------------------------------------------------
frequency                                                                         0x0166       4
str                                                                               0x016A      16
_base_y                                                                           0x017A       4

EEPROM Allocation [bytes]
Variable                                                                          Address   Size
------------------------------------------------------------------------------------------------

Register Allocation
Variable                                                                          Register  Size
------------------------------------------------------------------------------------------------
counter                                                                           R5           1
start                                                                             R6,R7        2
stop                                                                              R8,R9        2
period                                                                            R10,R11      2
_lcd_x                                                                            R4           1
_lcd_y                                                                            R13          1
_lcd_maxx                                                                         R12          1

FLASH Allocation [words]
Function                                                                          Address   Size
------------------------------------------------------------------------------------------------
timer1_capt_isr                                                                   0x0006E     63
main                                                                              0x000AD     53
put_buff_G100                                                                     0x000E2     64
_print_G100                                                                       0x00122    308
sprintf                                                                           0x00256     52
_lcd_write_nibble_G101                                                            0x0028A     20
_lcd_write_data                                                                   0x0029E     12
lcd_gotoxy                                                                        0x002AA     13
lcd_clear                                                                         0x002B7     12
lcd_putchar                                                                       0x002C3     21
lcd_puts                                                                          0x002D8     17
lcd_init                                                                          0x002E9     46
strlen                                                                            0x00317     12
strlenf                                                                           0x00323     13
